
> @qwen-code/qwen-code@0.15.11 build
> node scripts/build.js


> @qwen-code/qwen-code@0.15.11 generate
> node scripts/generate-git-commit-info.js


> @qwen-code/qwen-code-core@0.15.11 build
> node ../../scripts/build_package.js

Successfully copied files.

> @qwen-code/web-templates@0.15.11 build
> node build.mjs && tsc --build --clean && tsc

Building web-templates...
Building insight assets with Vite...
[36mvite v5.4.21 [32mbuilding for production...[36m[39m
transforming...
Browserslist: browsers data (caniuse-lite) is 6 months old. Please run:
  npx update-browserslist-db@latest
  Why you should do it regularly: https://github.com/browserslist/update-db#readme
[32m✓[39m 7 modules transformed.
rendering chunks...
computing gzip size...
[2mdist/[22m[35mmain.css  [39m[1m[2m17.77 kB[22m[1m[22m[2m │ gzip: 4.28 kB[22m
[2mdist/[22m[36mmain.js   [39m[1m[2m31.01 kB[22m[1m[22m[2m │ gzip: 8.26 kB[22m
[32m✓ built in 497ms[39m
Reading generated files...
Successfully generated C:\Users\Gove2\Desktop\CLI\qwen-code\packages\web-templates\src\generated\insightTemplate.ts
Successfully built all web-templates.

> @qwen-code/channel-base@0.15.11 build
> tsc --build


> @qwen-code/channel-telegram@0.15.11 build
> tsc --build


> @qwen-code/channel-weixin@0.15.11 build
> tsc --build


> @qwen-code/channel-dingtalk@0.15.11 build
> tsc --build


> @qwen-code/channel-plugin-example@0.15.11 build
> tsc --build


> @qwen-code/qwen-code@0.15.11 build
> node ../../scripts/build_package.js

Successfully copied files.
Generated settings JSON Schema at: C:\Users\Gove2\Desktop\CLI\qwen-code\packages\vscode-ide-companion\schemas\settings.schema.json

> @qwen-code/webui@0.15.11 build
> vite build

[36mvite v5.4.21 [32mbuilding for production...[36m[39m
transforming...
Browserslist: browsers data (caniuse-lite) is 6 months old. Please run:
  npx update-browserslist-db@latest
  Why you should do it regularly: https://github.com/browserslist/update-db#readme
[32m✓[39m 159 modules transformed.
rendering chunks...

[vite:dts] Start generate declaration files...
computing gzip size...
[2mdist/[22m[35mstyles.css  [39m[1m[2m 83.17 kB[22m[1m[22m[2m │ gzip: 15.45 kB[22m
[2mdist/[22m[36mindex.js    [39m[1m[2m388.76 kB[22m[1m[22m[2m │ gzip: 97.67 kB[22m[2m │ map: 833.43 kB[22m
[vite:dts] Start rollup declaration files...
Analysis will use the bundled TypeScript version 5.8.2
[vite:dts] Declaration files built in 9872ms.

[2mdist/[22m[35mstyles.css  [39m[1m[2m 83.17 kB[22m[1m[22m[2m │ gzip: 15.45 kB[22m
[2mdist/[22m[36mindex.cjs   [39m[1m[2m398.16 kB[22m[1m[22m[2m │ gzip: 98.34 kB[22m[2m │ map: 838.46 kB[22m
[2mdist/[22m[35mstyles.css    [39m[1m[2m 83.17 kB[22m[1m[22m[2m │ gzip: 15.45 kB[22m
[2mdist/[22m[36mindex.umd.js  [39m[1m[2m421.21 kB[22m[1m[22m[2m │ gzip: 99.56 kB[22m[2m │ map: 841.50 kB[22m
[32m✓ built in 14.16s[39m

> @qwen-code/sdk@0.1.7 build
> node scripts/build.js

Compiling input files...
Processing src/index.ts
Writing src/index.ts -> dist/index.d.ts
Checking generated files...
[1;33mCompiler option "skipLibCheck" is disabled to properly check generated output[0m
Done in 22.29s

> qwen-code-vscode-ide-companion@0.15.11 build
> npm run build:dev


> qwen-code-vscode-ide-companion@0.15.11 build:dev
> npm run check-types && npm run lint && node esbuild.js


> qwen-code-vscode-ide-companion@0.15.11 check-types
> tsc --noEmit


> qwen-code-vscode-ide-companion@0.15.11 lint
> eslint src

Browserslist: browsers data (caniuse-lite) is 6 months old. Please run:
  npx update-browserslist-db@latest
  Why you should do it regularly: https://github.com/browserslist/update-db#readme
